<dom-module id="x-no-properties">
	<template>
		
		
		
		
		
		<style>:host{background-color:red}</style>
		<script>
			Polymer( {
				is:'x-no-properties'
			} );
		</script>
	</template>
</dom-module>