<dom-module id="x-five-properties">
	<template>
		<script>Polymer({is:"x-five-properties",ready:function(){var element=document.createElement("x-k");element.k=true;document.body.appendChild(element)}})</script>
	</template>
</dom-module>
