<dom-module id="x-dep-properties"><template><style></style><x-a a="[[a]]" b="[[b]]" e="{{c}}"></x-a><script>
			Polymer( {
				is:'x-dep-properties',
				properties: {
					a: Number,
					b: String,
					c: Array,
				}
			} );
			
		</script></template></dom-module>