<dom-module id="x-no-properties"><template><style></style><script>
			Polymer( {
				is:'x-no-properties'
			} );
		</script></template></dom-module>