
<dom-module id="x-one-properties">
	<template>
		<style>
		</style>
		<script>
			Polymer( {
				is:'x-one-properties',
				properties: {
					a: Number
				}
			} );
			
		</script>
	</template>
</dom-module>